[0.037s][info][gc] Using The Z Garbage Collector
[0.193s][info][gc] GC(0) Garbage Collection (Warmup) 4M(20%)->4M(20%)
[0.271s][info][gc] GC(1) Garbage Collection (Warmup) 4M(20%)->4M(20%)
[1.067s][info][gc] GC(2) Garbage Collection (Warmup) 6M(30%)->6M(30%)
[3.288s][info][gc] GC(3) Garbage Collection (Proactive) 10M(50%)->6M(30%)
[3.496s][info][gc] GC(4) Garbage Collection (Allocation Rate) 16M(80%)->8M(40%)
[3.605s][info][gc] GC(5) Garbage Collection (Allocation Rate) 8M(40%)->8M(40%)
[3.699s][info][gc] GC(6) Garbage Collection (Allocation Rate) 8M(40%)->8M(40%)
[3.786s][info][gc] GC(7) Garbage Collection (Allocation Rate) 8M(40%)->8M(40%)
[3.886s][info][gc] GC(8) Garbage Collection (Allocation Rate) 8M(40%)->8M(40%)
[3.984s][info][gc] GC(9) Garbage Collection (Allocation Rate) 8M(40%)->8M(40%)
[4.073s][info][gc] GC(10) Garbage Collection (Allocation Rate) 8M(40%)->6M(30%)
[4.191s][info][gc] GC(11) Garbage Collection (Allocation Rate) 8M(40%)->8M(40%)
[4.301s][info][gc] GC(12) Garbage Collection (Allocation Rate) 10M(50%)->8M(40%)
[4.377s][info][gc] GC(13) Garbage Collection (Allocation Rate) 10M(50%)->8M(40%)
[4.488s][info][gc] GC(14) Garbage Collection (Allocation Rate) 12M(60%)->8M(40%)
[6.395s][info][gc] GC(15) Garbage Collection (Proactive) 10M(50%)->10M(50%)
[11.583s][info][gc] GC(16) Garbage Collection (Proactive) 12M(60%)->10M(50%)
[20.580s][info][gc] GC(17) Garbage Collection (Proactive) 12M(60%)->10M(50%)
[24.273s][info][gc] GC(18) Garbage Collection (Proactive) 12M(60%)->8M(40%)
[25.882s][info][gc] GC(19) Garbage Collection (Proactive) 10M(50%)->8M(40%)
[27.385s][info][gc] GC(20) Garbage Collection (Proactive) 10M(50%)->8M(40%)
[28.682s][info][gc] GC(21) Garbage Collection (Proactive) 10M(50%)->8M(40%)
[29.881s][info][gc] GC(22) Garbage Collection (Proactive) 10M(50%)->8M(40%)
[31.077s][info][gc] GC(23) Garbage Collection (Proactive) 10M(50%)->8M(40%)
[32.186s][info][gc] GC(24) Garbage Collection (Proactive) 10M(50%)->8M(40%)
[33.284s][info][gc] GC(25) Garbage Collection (Proactive) 10M(50%)->8M(40%)
[34.275s][info][gc] GC(26) Garbage Collection (Proactive) 10M(50%)->8M(40%)
[35.384s][info][gc] GC(27) Garbage Collection (Proactive) 10M(50%)->8M(40%)
[36.584s][info][gc] GC(28) Garbage Collection (Proactive) 10M(50%)->10M(50%)
[48.570s][info][gc] GC(29) Garbage Collection (Proactive) 12M(60%)->8M(40%)
[49.587s][info][gc] GC(30) Garbage Collection (Proactive) 10M(50%)->8M(40%)
[51.985s][info][gc] GC(31) Garbage Collection (Proactive) 10M(50%)->8M(40%)
[53.876s][info][gc] GC(32) Garbage Collection (Proactive) 10M(50%)->8M(40%)
[55.381s][info][gc] GC(33) Garbage Collection (Proactive) 10M(50%)->8M(40%)
[56.676s][info][gc] GC(34) Garbage Collection (Proactive) 10M(50%)->8M(40%)
[57.881s][info][gc] GC(35) Garbage Collection (Proactive) 10M(50%)->8M(40%)
[58.992s][info][gc] GC(36) Garbage Collection (Proactive) 10M(50%)->8M(40%)
[61.174s][info][gc] GC(37) Garbage Collection (Proactive) 10M(50%)->8M(40%)
[62.882s][info][gc] GC(38) Garbage Collection (Proactive) 10M(50%)->8M(40%)
[64.305s][info][gc] GC(39) Garbage Collection (Proactive) 10M(50%)->8M(40%)
[67.100s][info][gc] GC(40) Garbage Collection (Proactive) 10M(50%)->8M(40%)
[69.578s][info][gc] GC(41) Garbage Collection (Proactive) 10M(50%)->8M(40%)
[70.828s][info][gc] Allocation Stall (main) 14.882ms
[70.829s][info][gc] GC(42) Garbage Collection (Allocation Stall) 20M(100%)->12M(60%)
[70.851s][info][gc] Allocation Stall (main) 12.891ms
[70.853s][info][gc] GC(43) Garbage Collection (Allocation Stall) 20M(100%)->14M(70%)
[70.873s][info][gc] Allocation Stall (main) 13.033ms
[70.875s][info][gc] GC(44) Garbage Collection (Allocation Stall) 20M(100%)->16M(80%)
[70.993s][info][gc] GC(45) Garbage Collection (Allocation Rate) 18M(90%)->8M(40%)
[71.085s][info][gc] GC(46) Garbage Collection (Allocation Rate) 8M(40%)->8M(40%)
[71.193s][info][gc] GC(47) Garbage Collection (Allocation Rate) 8M(40%)->8M(40%)
[71.286s][info][gc] GC(48) Garbage Collection (Allocation Rate) 8M(40%)->8M(40%)
[71.384s][info][gc] GC(49) Garbage Collection (Allocation Rate) 8M(40%)->8M(40%)
[71.474s][info][gc] GC(50) Garbage Collection (Allocation Rate) 8M(40%)->8M(40%)
[71.601s][info][gc] GC(51) Garbage Collection (Allocation Rate) 10M(50%)->10M(50%)
[71.672s][info][gc] GC(52) Garbage Collection (Allocation Rate) 10M(50%)->8M(40%)
[71.884s][info][gc] GC(53) Garbage Collection (Allocation Rate) 8M(40%)->8M(40%)
[71.975s][info][gc] GC(54) Garbage Collection (Allocation Rate) 8M(40%)->8M(40%)
[72.101s][info][gc] GC(55) Garbage Collection (Allocation Rate) 8M(40%)->8M(40%)
[72.187s][info][gc] GC(56) Garbage Collection (Allocation Rate) 8M(40%)->8M(40%)
[72.287s][info][gc] GC(57) Garbage Collection (Allocation Rate) 8M(40%)->8M(40%)
[72.382s][info][gc] GC(58) Garbage Collection (Allocation Rate) 8M(40%)->8M(40%)
[72.481s][info][gc] GC(59) Garbage Collection (Allocation Rate) 8M(40%)->8M(40%)
[72.601s][info][gc] GC(60) Garbage Collection (Allocation Rate) 10M(50%)->10M(50%)
[72.677s][info][gc] GC(61) Garbage Collection (Allocation Rate) 10M(50%)->8M(40%)
[74.887s][info][gc] GC(62) Garbage Collection (Proactive) 10M(50%)->8M(40%)
[76.589s][info][gc] GC(63) Garbage Collection (Proactive) 10M(50%)->8M(40%)
[77.982s][info][gc] GC(64) Garbage Collection (Proactive) 10M(50%)->8M(40%)
[79.183s][info][gc] GC(65) Garbage Collection (Proactive) 10M(50%)->8M(40%)
[80.272s][info][gc] GC(66) Garbage Collection (Proactive) 10M(50%)->8M(40%)
[81.388s][info][gc] GC(67) Garbage Collection (Proactive) 10M(50%)->8M(40%)
[82.589s][info][gc] GC(68) Garbage Collection (Proactive) 10M(50%)->10M(50%)
[92.675s][info][gc] GC(69) Garbage Collection (Proactive) 12M(60%)->8M(40%)
[93.989s][info][gc] GC(70) Garbage Collection (Proactive) 10M(50%)->8M(40%)
[95.173s][info][gc] GC(71) Garbage Collection (Proactive) 10M(50%)->8M(40%)
[96.290s][info][gc] GC(72) Garbage Collection (Proactive) 10M(50%)->8M(40%)
[97.490s][info][gc] GC(73) Garbage Collection (Proactive) 10M(50%)->8M(40%)
[100.184s][info][gc] GC(74) Garbage Collection (Proactive) 12M(60%)->12M(60%)
[112.675s][info][gc] GC(75) Garbage Collection (Proactive) 14M(70%)->12M(60%)
[126.680s][info][gc] GC(76) Garbage Collection (Proactive) 14M(70%)->12M(60%)
[140.688s][info][gc] GC(77) Garbage Collection (Proactive) 14M(70%)->12M(60%)
[154.678s][info][gc] GC(78) Garbage Collection (Proactive) 14M(70%)->12M(60%)
[169.681s][info][gc] GC(79) Garbage Collection (Proactive) 14M(70%)->12M(60%)
[184.674s][info][gc] GC(80) Garbage Collection (Proactive) 14M(70%)->10M(50%)
[185.780s][info][gc] GC(81) Garbage Collection (Proactive) 12M(60%)->12M(60%)
[198.686s][info][gc] GC(82) Garbage Collection (Proactive) 14M(70%)->8M(40%)
[199.691s][info][gc] GC(83) Garbage Collection (Proactive) 10M(50%)->8M(40%)
[201.077s][info][gc] GC(84) Garbage Collection (Proactive) 10M(50%)->8M(40%)
[202.279s][info][gc] GC(85) Garbage Collection (Proactive) 10M(50%)->8M(40%)
[203.379s][info][gc] GC(86) Garbage Collection (Proactive) 10M(50%)->8M(40%)
[204.378s][info][gc] GC(87) Garbage Collection (Proactive) 10M(50%)->8M(40%)
[205.378s][info][gc] GC(88) Garbage Collection (Proactive) 10M(50%)->8M(40%)
[206.285s][info][gc] GC(89) Garbage Collection (Proactive) 10M(50%)->8M(40%)
[207.276s][info][gc] GC(90) Garbage Collection (Proactive) 10M(50%)->8M(40%)
[208.274s][info][gc] GC(91) Garbage Collection (Proactive) 10M(50%)->8M(40%)
[209.297s][info][gc] GC(92) Garbage Collection (Proactive) 10M(50%)->8M(40%)
[211.981s][info][gc] GC(93) Garbage Collection (Proactive) 10M(50%)->8M(40%)
[214.182s][info][gc] GC(94) Garbage Collection (Proactive) 10M(50%)->8M(40%)
[215.793s][info][gc] GC(95) Garbage Collection (Proactive) 10M(50%)->8M(40%)
[218.782s][info][gc] GC(96) Garbage Collection (Proactive) 10M(50%)->8M(40%)
[221.179s][info][gc] GC(97) Garbage Collection (Proactive) 12M(60%)->12M(60%)
[231.783s][info][gc] GC(98) Garbage Collection (Proactive) 14M(70%)->12M(60%)
[244.784s][info][gc] GC(99) Garbage Collection (Proactive) 14M(70%)->8M(40%)
[245.976s][info][gc] GC(100) Garbage Collection (Proactive) 10M(50%)->8M(40%)
[247.276s][info][gc] GC(101) Garbage Collection (Proactive) 10M(50%)->8M(40%)
[248.478s][info][gc] GC(102) Garbage Collection (Proactive) 10M(50%)->8M(40%)
[249.577s][info][gc] GC(103) Garbage Collection (Proactive) 10M(50%)->8M(40%)
[250.575s][info][gc] GC(104) Garbage Collection (Proactive) 10M(50%)->8M(40%)
[251.574s][info][gc] GC(105) Garbage Collection (Proactive) 10M(50%)->8M(40%)
[252.674s][info][gc] GC(106) Garbage Collection (Proactive) 10M(50%)->10M(50%)
