[0.021s][info][gc] Using Parallel
[1.031s][info][gc] GC(0) Pause Young (Allocation Failure) 3M->1M(11M) 2.579ms
[4.008s][info][gc] GC(1) Pause Young (Allocation Failure) 4M->2M(11M) 2.244ms
[4.077s][info][gc] GC(2) Pause Young (Allocation Failure) 5M->3M(11M) 2.236ms
[4.132s][info][gc] GC(3) Pause Young (Allocation Failure) 6M->3M(11M) 2.506ms
[4.168s][info][gc] GC(4) Pause Young (Allocation Failure) 6M->5M(11M) 3.201ms
[5.314s][info][gc] GC(5) Pause Young (Allocation Failure) 8M->6M(10M) 2.191ms
[5.435s][info][gc] GC(6) Pause Young (Allocation Failure) 8M->6M(11M) 2.701ms
[5.497s][info][gc] GC(7) Pause Young (Allocation Failure) 8M->7M(11M) 1.528ms
[5.512s][info][gc] GC(8) Pause Full (Ergonomics) 7M->4M(11M) 14.425ms
[11.519s][info][gc] GC(9) Pause Young (Allocation Failure) 6M->4M(11M) 1.893ms
[28.519s][info][gc] GC(10) Pause Young (Allocation Failure) 6M->4M(11M) 0.380ms
[46.535s][info][gc] GC(11) Pause Young (Allocation Failure) 6M->4M(11M) 0.664ms
[56.541s][info][gc] GC(12) Pause Young (Allocation Failure) 6M->5M(11M) 0.554ms
[75.532s][info][gc] GC(13) Pause Young (Allocation Failure) 7M->5M(11M) 0.879ms
[94.568s][info][gc] GC(14) Pause Young (Allocation Failure) 7M->5M(11M) 0.498ms
[105.067s][info][gc] GC(15) Pause Young (Allocation Failure) 6M->5M(11M) 0.435ms
[105.073s][info][gc] GC(16) Pause Young (Allocation Failure) 7M->6M(11M) 0.464ms
[105.081s][info][gc] GC(17) Pause Young (Allocation Failure) 8M->6M(11M) 0.400ms
[105.104s][info][gc] GC(18) Pause Full (Ergonomics) 6M->5M(11M) 23.226ms
[105.108s][info][gc] GC(19) Pause Young (Allocation Failure) 7M->6M(11M) 0.418ms
[105.113s][info][gc] GC(20) Pause Young (Allocation Failure) 8M->6M(11M) 0.203ms
[105.115s][info][gc] GC(21) Pause Young (Allocation Failure) 8M->6M(11M) 0.237ms
[105.118s][info][gc] GC(22) Pause Young (Allocation Failure) 8M->6M(11M) 0.190ms
[105.120s][info][gc] GC(23) Pause Young (Allocation Failure) 7M->6M(11M) 0.234ms
[105.127s][info][gc] GC(24) Pause Young (Allocation Failure) 8M->6M(11M) 0.271ms
[105.130s][info][gc] GC(25) Pause Young (Allocation Failure) 8M->6M(11M) 0.230ms
[105.133s][info][gc] GC(26) Pause Young (Allocation Failure) 8M->6M(11M) 0.213ms
[105.136s][info][gc] GC(27) Pause Young (Allocation Failure) 8M->6M(11M) 0.315ms
[105.139s][info][gc] GC(28) Pause Young (Allocation Failure) 8M->7M(11M) 0.332ms
[105.148s][info][gc] GC(29) Pause Full (Ergonomics) 7M->6M(11M) 8.990ms
[105.150s][info][gc] GC(30) Pause Young (Allocation Failure) 8M->6M(11M) 0.274ms
[105.153s][info][gc] GC(31) Pause Young (Allocation Failure) 8M->6M(11M) 0.308ms
[108.576s][info][gc] GC(32) Pause Young (Allocation Failure) 8M->6M(11M) 0.554ms
[128.545s][info][gc] GC(33) Pause Young (Allocation Failure) 8M->6M(11M) 0.425ms
[146.605s][info][gc] GC(34) Pause Young (Allocation Failure) 8M->6M(11M) 0.422ms
[166.624s][info][gc] GC(35) Pause Young (Allocation Failure) 8M->6M(11M) 0.737ms
[177.699s][info][gc] GC(36) Pause Young (Allocation Failure) 8M->6M(11M) 0.358ms
[188.638s][info][gc] GC(37) Pause Young (Allocation Failure) 8M->7M(11M) 0.295ms
[208.597s][info][gc] GC(38) Pause Young (Allocation Failure) 9M->7M(11M) 0.501ms
[208.609s][info][gc] GC(39) Pause Full (Ergonomics) 7M->5M(11M) 11.535ms
[221.667s][info][gc] GC(40) Pause Young (Allocation Failure) 7M->5M(11M) 0.370ms
[241.681s][info][gc] GC(41) Pause Young (Allocation Failure) 7M->5M(11M) 0.377ms
[260.695s][info][gc] GC(42) Pause Young (Allocation Failure) 7M->5M(11M) 0.263ms
[280.715s][info][gc] GC(43) Pause Young (Allocation Failure) 7M->5M(11M) 0.863ms
[293.565s][info][gc] GC(44) Pause Young (Allocation Failure) 7M->5M(11M) 0.416ms
[303.731s][info][gc] GC(45) Pause Young (Allocation Failure) 7M->6M(11M) 0.445ms
[322.746s][info][gc] GC(46) Pause Young (Allocation Failure) 8M->5M(11M) 0.644ms
