[0.025s][info][gc] Using Serial
[3.838s][info][gc] GC(0) Pause Young (Allocation Failure) 4M->2M(15M) 4.312ms
[3.949s][info][gc] GC(1) Pause Young (Allocation Failure) 6M->2M(15M) 2.927ms
[4.026s][info][gc] GC(2) Pause Young (Allocation Failure) 7M->4M(15M) 3.378ms
[4.272s][info][gc] GC(3) Pause Young (Allocation Failure) 8M->4M(15M) 3.088ms
[4.738s][info][gc] GC(4) Pause Young (Allocation Failure) 8M->5M(15M) 3.397ms
[28.903s][info][gc] GC(5) Pause Young (Allocation Failure) 9M->5M(15M) 2.380ms
[37.807s][info][gc] GC(6) Pause Young (Allocation Failure) 9M->7M(15M) 2.968ms
[37.829s][info][gc] GC(7) Pause Young (Allocation Failure) 11M->9M(15M) 4.081ms
[37.843s][info][gc] GC(8) Pause Young (Allocation Failure) 14M->14M(15M) 0.031ms
[37.867s][info][gc] GC(9) Pause Full (Allocation Failure) 14M->8M(15M) 22.864ms
[37.892s][info][gc] GC(10) Pause Young (Allocation Failure) 12M->11M(15M) 7.468ms
[37.914s][info][gc] GC(11) Pause Young (Allocation Failure) 15M->15M(15M) 0.046ms
[37.941s][info][gc] GC(12) Pause Full (Allocation Failure) 15M->8M(15M) 26.647ms
[37.958s][info][gc] GC(13) Pause Young (Allocation Failure) 12M->12M(15M) 0.050ms
[37.975s][info][gc] GC(14) Pause Full (Allocation Failure) 12M->7M(15M) 16.640ms
[45.910s][info][gc] GC(15) Pause Young (Allocation Failure) 11M->9M(15M) 3.182ms
[84.887s][info][gc] GC(16) Pause Young (Allocation Failure) 13M->13M(15M) 0.139ms
[84.906s][info][gc] GC(17) Pause Full (Allocation Failure) 13M->4M(15M) 18.414ms
[125.894s][info][gc] GC(18) Pause Young (Allocation Failure) 9M->4M(15M) 0.767ms
[144.053s][info][gc] GC(19) Pause Young (Allocation Failure) 9M->6M(15M) 3.016ms
[144.070s][info][gc] GC(20) Pause Young (Allocation Failure) 10M->8M(15M) 3.142ms
[144.083s][info][gc] GC(21) Pause Young (Allocation Failure) 12M->10M(15M) 3.060ms
[144.095s][info][gc] GC(22) Pause Young (Allocation Failure) 14M->14M(15M) 0.059ms
[144.116s][info][gc] GC(23) Pause Full (Allocation Failure) 14M->9M(15M) 20.833ms
[144.133s][info][gc] GC(24) Pause Young (Allocation Failure) 13M->13M(15M) 0.053ms
[144.149s][info][gc] GC(25) Pause Full (Allocation Failure) 13M->6M(15M) 15.805ms
[144.163s][info][gc] GC(26) Pause Young (Allocation Failure) 11M->9M(15M) 3.289ms
[144.917s][info][gc] GC(27) Pause Young (Allocation Failure) 13M->13M(15M) 0.040ms
[144.936s][info][gc] GC(28) Pause Full (Allocation Failure) 13M->8M(15M) 19.068ms
[182.926s][info][gc] GC(29) Pause Young (Allocation Failure) 12M->12M(15M) 0.038ms
[182.941s][info][gc] GC(30) Pause Full (Allocation Failure) 12M->4M(15M) 14.246ms
[224.938s][info][gc] GC(31) Pause Young (Allocation Failure) 8M->4M(15M) 0.704ms
