[0.014s][info][gc] Using The Z Garbage Collector
[0.156s][info][gc] GC(0) Garbage Collection (Warmup) 4M(20%)->4M(20%)
[0.264s][info][gc] GC(1) Garbage Collection (Warmup) 4M(20%)->4M(20%)
[1.162s][info][gc] GC(2) Garbage Collection (Warmup) 6M(30%)->4M(20%)
[6.869s][info][gc] GC(3) Garbage Collection (Proactive) 8M(40%)->6M(30%)
[7.081s][info][gc] GC(4) Garbage Collection (Allocation Rate) 18M(90%)->8M(40%)
[7.197s][info][gc] GC(5) Garbage Collection (Allocation Rate) 8M(40%)->8M(40%)
[7.280s][info][gc] GC(6) Garbage Collection (Allocation Rate) 8M(40%)->8M(40%)
[7.388s][info][gc] GC(7) Garbage Collection (Allocation Rate) 8M(40%)->8M(40%)
[7.480s][info][gc] GC(8) Garbage Collection (Allocation Rate) 8M(40%)->8M(40%)
[7.573s][info][gc] GC(9) Garbage Collection (Allocation Rate) 8M(40%)->8M(40%)
[7.679s][info][gc] GC(10) Garbage Collection (Allocation Rate) 8M(40%)->8M(40%)
[7.761s][info][gc] GC(11) Garbage Collection (Allocation Rate) 8M(40%)->6M(30%)
[7.864s][info][gc] GC(12) Garbage Collection (Allocation Rate) 8M(40%)->8M(40%)
[8.065s][info][gc] GC(13) Garbage Collection (Allocation Rate) 12M(60%)->8M(40%)
[8.706s][info][gc] GC(14) Garbage Collection (Allocation Rate) 12M(60%)->10M(50%)
[8.795s][info][gc] GC(15) Garbage Collection (Allocation Rate) 10M(50%)->10M(50%)
[9.163s][info][gc] GC(16) Garbage Collection (Allocation Rate) 10M(50%)->10M(50%)
[12.768s][info][gc] GC(17) Garbage Collection (Proactive) 12M(60%)->10M(50%)
[18.263s][info][gc] GC(18) Garbage Collection (Proactive) 12M(60%)->8M(40%)
[20.160s][info][gc] GC(19) Garbage Collection (Proactive) 10M(50%)->10M(50%)
[29.265s][info][gc] GC(20) Garbage Collection (Proactive) 12M(60%)->6M(30%)
[30.767s][info][gc] GC(21) Garbage Collection (Proactive) 8M(40%)->6M(30%)
[32.068s][info][gc] GC(22) Garbage Collection (Proactive) 8M(40%)->8M(40%)
[33.277s][info][gc] GC(23) Garbage Collection (Proactive) 10M(50%)->8M(40%)
[34.583s][info][gc] GC(24) Garbage Collection (Proactive) 10M(50%)->8M(40%)
[37.086s][info][gc] GC(25) Garbage Collection (Proactive) 10M(50%)->8M(40%)
[39.382s][info][gc] GC(26) Garbage Collection (Proactive) 10M(50%)->8M(40%)
[41.367s][info][gc] GC(27) Garbage Collection (Proactive) 10M(50%)->8M(40%)
[43.457s][info][gc] GC(28) Garbage Collection (Proactive) 10M(50%)->8M(40%)
[45.054s][info][gc] GC(29) Garbage Collection (Proactive) 10M(50%)->8M(40%)
[46.368s][info][gc] GC(30) Garbage Collection (Proactive) 10M(50%)->8M(40%)
[47.982s][info][gc] GC(31) Garbage Collection (Proactive) 10M(50%)->8M(40%)
[50.066s][info][gc] GC(32) Garbage Collection (Proactive) 10M(50%)->8M(40%)
[51.859s][info][gc] GC(33) Garbage Collection (Proactive) 10M(50%)->8M(40%)
[53.264s][info][gc] GC(34) Garbage Collection (Proactive) 12M(60%)->10M(50%)
[54.472s][info][gc] GC(35) Garbage Collection (Proactive) 12M(60%)->10M(50%)
[55.583s][info][gc] GC(36) Garbage Collection (Proactive) 12M(60%)->10M(50%)
[58.059s][info][gc] GC(37) Garbage Collection (Proactive) 12M(60%)->10M(50%)
[60.164s][info][gc] GC(38) Garbage Collection (Proactive) 12M(60%)->10M(50%)
[61.778s][info][gc] GC(39) Garbage Collection (Proactive) 12M(60%)->10M(50%)
[62.127s][info][gc] Allocation Stall (main) 20.219ms
[62.127s][info][gc] GC(40) Garbage Collection (Allocation Stall) 20M(100%)->14M(70%)
[62.156s][info][gc] Allocation Stall (main) 16.490ms
[62.156s][info][gc] GC(41) Garbage Collection (Allocation Stall) 20M(100%)->16M(80%)
[62.175s][info][gc] Allocation Stall (main) 12.320ms
[62.175s][info][gc] GC(42) Garbage Collection (Allocation Stall) 20M(100%)->16M(80%)
[62.192s][info][gc] Allocation Stall (main) 12.149ms
[62.193s][info][gc] Relocation Stall (main) 0.004ms
[62.193s][info][gc] GC(43) Garbage Collection (Allocation Stall) 20M(100%)->18M(90%)
[62.267s][info][gc] GC(44) Garbage Collection (Allocation Rate) 20M(100%)->10M(50%)
[62.381s][info][gc] GC(45) Garbage Collection (Allocation Rate) 10M(50%)->10M(50%)
[62.466s][info][gc] GC(46) Garbage Collection (Allocation Rate) 10M(50%)->10M(50%)
[62.584s][info][gc] GC(47) Garbage Collection (Allocation Rate) 10M(50%)->10M(50%)
[62.657s][info][gc] GC(48) Garbage Collection (Allocation Rate) 10M(50%)->10M(50%)
[62.770s][info][gc] GC(49) Garbage Collection (Allocation Rate) 10M(50%)->10M(50%)
[62.883s][info][gc] GC(50) Garbage Collection (Allocation Rate) 10M(50%)->10M(50%)
[62.959s][info][gc] GC(51) Garbage Collection (Allocation Rate) 10M(50%)->10M(50%)
[63.071s][info][gc] GC(52) Garbage Collection (Allocation Rate) 10M(50%)->10M(50%)
[63.170s][info][gc] GC(53) Garbage Collection (Allocation Rate) 10M(50%)->10M(50%)
[63.258s][info][gc] GC(54) Garbage Collection (Allocation Rate) 12M(60%)->12M(60%)
[63.367s][info][gc] GC(55) Garbage Collection (Allocation Rate) 12M(60%)->10M(50%)
[63.460s][info][gc] GC(56) Garbage Collection (Allocation Rate) 10M(50%)->10M(50%)
[63.589s][info][gc] GC(57) Garbage Collection (Allocation Rate) 10M(50%)->10M(50%)
[63.683s][info][gc] GC(58) Garbage Collection (Allocation Rate) 10M(50%)->10M(50%)
[63.760s][info][gc] GC(59) Garbage Collection (Allocation Rate) 10M(50%)->10M(50%)
[63.889s][info][gc] GC(60) Garbage Collection (Allocation Rate) 10M(50%)->10M(50%)
[63.983s][info][gc] GC(61) Garbage Collection (Allocation Rate) 10M(50%)->10M(50%)
[66.486s][info][gc] GC(62) Garbage Collection (Proactive) 12M(60%)->10M(50%)
[68.577s][info][gc] GC(63) Garbage Collection (Proactive) 12M(60%)->10M(50%)
[70.664s][info][gc] GC(64) Garbage Collection (Proactive) 12M(60%)->10M(50%)
[72.461s][info][gc] GC(65) Garbage Collection (Proactive) 12M(60%)->10M(50%)
[73.870s][info][gc] GC(66) Garbage Collection (Proactive) 12M(60%)->10M(50%)
[75.166s][info][gc] GC(67) Garbage Collection (Proactive) 12M(60%)->10M(50%)
[76.356s][info][gc] GC(68) Garbage Collection (Proactive) 12M(60%)->10M(50%)
[77.487s][info][gc] GC(69) Garbage Collection (Proactive) 12M(60%)->10M(50%)
[80.189s][info][gc] GC(70) Garbage Collection (Proactive) 12M(60%)->10M(50%)
[82.783s][info][gc] GC(71) Garbage Collection (Proactive) 12M(60%)->10M(50%)
[84.986s][info][gc] GC(72) Garbage Collection (Proactive) 12M(60%)->10M(50%)
[86.964s][info][gc] GC(73) Garbage Collection (Proactive) 12M(60%)->10M(50%)
[89.484s][info][gc] GC(74) Garbage Collection (Proactive) 12M(60%)->10M(50%)
[92.376s][info][gc] GC(75) Garbage Collection (Proactive) 12M(60%)->10M(50%)
